[0m16:02:35.912882 [debug] [MainThread]: Sending event: {'category': 'dbt', 'action': 'invocation', 'label': 'start', 'context': [<snowplow_tracker.self_describing_json.SelfDescribingJson object at 0x0000025A40C59400>, <snowplow_tracker.self_describing_json.SelfDescribingJson object at 0x0000025A4306FED0>, <snowplow_tracker.self_describing_json.SelfDescribingJson object at 0x0000025A4306F9D0>]}


============================== 16:02:35.968677 | 553a099e-0ea0-4952-b77c-821e070a02c9 ==============================
[0m16:02:35.968677 [info ] [MainThread]: Running with dbt=1.11.6
[0m16:02:35.970700 [debug] [MainThread]: running dbt with arguments {'version_check': 'True', 'no_print': 'None', 'static_parser': 'True', 'warn_error_options': 'WarnErrorOptionsV2(error=[], warn=[], silence=[])', 'target_path': 'None', 'printer_width': '80', 'write_json': 'True', 'introspect': 'True', 'log_cache_events': 'False', 'empty': 'None', 'cache_selected_only': 'False', 'log_format': 'default', 'debug': 'False', 'fail_fast': 'False', 'partial_parse': 'True', 'send_anonymous_usage_stats': 'True', 'quiet': 'False', 'warn_error': 'None', 'profiles_dir': 'C:\\Users\\selor\\.dbt', 'indirect_selection': 'eager', 'use_colors': 'True', 'invocation_command': 'dbt init omnipulse_dbt', 'use_experimental_parser': 'False', 'log_path': 'logs'}
[0m16:02:36.073563 [debug] [MainThread]: Starter project path: C:\Users\selor\Documents\Final_Year_SaaS_Analytics_Project\venv\Lib\site-packages\dbt\include\starter_project
[0m16:02:36.119859 [info ] [MainThread]: 
Your new dbt project "omnipulse_dbt" was created!

For more information on how to configure the profiles.yml file,
please consult the dbt documentation here:

  https://docs.getdbt.com/docs/configure-your-profile

One more thing:

Need help? Don't hesitate to reach out to us via GitHub issues or on Slack:

  https://community.getdbt.com/

Happy modeling!

[0m16:02:36.121081 [info ] [MainThread]: Setting up your profile.
[0m16:10:39.300230 [info ] [MainThread]: Profile omnipulse_dbt written to C:\Users\selor\.dbt\profiles.yml using target's profile_template.yml and your supplied values. Run 'dbt debug' to validate the connection.
[0m16:10:39.307121 [debug] [MainThread]: Command `dbt init` succeeded at 16:10:39.306199 after 483.62 seconds
[0m16:10:39.310423 [debug] [MainThread]: Sending event: {'category': 'dbt', 'action': 'invocation', 'label': 'end', 'context': [<snowplow_tracker.self_describing_json.SelfDescribingJson object at 0x0000025A42FD23F0>, <snowplow_tracker.self_describing_json.SelfDescribingJson object at 0x0000025A43190DD0>, <snowplow_tracker.self_describing_json.SelfDescribingJson object at 0x0000025A41E53DF0>]}
[0m16:10:39.312803 [debug] [MainThread]: Flushing usage events
[0m16:10:41.287556 [debug] [MainThread]: An error was encountered while trying to flush usage events
